Analysis & Synthesis report for DATAPATH
Fri May 08 17:55:03 2026
Quartus Prime Version 18.0.0 Build 614 04/24/2018 SJ Lite Edition


---------------------
; Table of Contents ;
---------------------
  1. Legal Notice
  2. Analysis & Synthesis Summary
  3. Analysis & Synthesis Settings
  4. Parallel Compilation
  5. Analysis & Synthesis Source Files Read
  6. Analysis & Synthesis Resource Usage Summary
  7. Analysis & Synthesis Resource Utilization by Entity
  8. State Machine - |blackjack_top|BlackJack_StateMachine:bj|CONTROLE:ctrl|current_state
  9. Registers Removed During Synthesis
 10. General Register Statistics
 11. Inverted Register Statistics
 12. Multiplexer Restructuring Statistics (Restructuring Performed)
 13. Parameter Settings for User Entity Instance: BlackJack_StateMachine:bj|DATAPATH:dp|registrador_mao:reg_p
 14. Parameter Settings for User Entity Instance: BlackJack_StateMachine:bj|DATAPATH:dp|registrador_mao:reg_d
 15. Port Connectivity Checks: "controlador_display:disp_p|decodificador_7seg:u_dezenas"
 16. Port Connectivity Checks: "controlador_display:disp_p"
 17. Port Connectivity Checks: "BlackJack_StateMachine:bj|DATAPATH:dp"
 18. Port Connectivity Checks: "decodificador_carta:dec_c"
 19. Post-Synthesis Netlist Statistics for Top Partition
 20. Elapsed Time Per Partition
 21. Analysis & Synthesis Messages



----------------
; Legal Notice ;
----------------
Copyright (C) 2018  Intel Corporation. All rights reserved.
Your use of Intel Corporation's design tools, logic functions 
and other software and tools, and its AMPP partner logic 
functions, and any output files from any of the foregoing 
(including device programming or simulation files), and any 
associated documentation or information are expressly subject 
to the terms and conditions of the Intel Program License 
Subscription Agreement, the Intel Quartus Prime License Agreement,
the Intel FPGA IP License Agreement, or other applicable license
agreement, including, without limitation, that your use is for
the sole purpose of programming logic devices manufactured by
Intel and sold by Intel or its authorized distributors.  Please
refer to the applicable agreement for further details.



+----------------------------------------------------------------------------------+
; Analysis & Synthesis Summary                                                     ;
+------------------------------------+---------------------------------------------+
; Analysis & Synthesis Status        ; Successful - Fri May 08 17:55:03 2026       ;
; Quartus Prime Version              ; 18.0.0 Build 614 04/24/2018 SJ Lite Edition ;
; Revision Name                      ; DATAPATH                                    ;
; Top-level Entity Name              ; blackjack_top                               ;
; Family                             ; MAX 10                                      ;
; Total logic elements               ; 256                                         ;
;     Total combinational functions  ; 254                                         ;
;     Dedicated logic registers      ; 87                                          ;
; Total registers                    ; 87                                          ;
; Total pins                         ; 51                                          ;
; Total virtual pins                 ; 0                                           ;
; Total memory bits                  ; 0                                           ;
; Embedded Multiplier 9-bit elements ; 0                                           ;
; Total PLLs                         ; 0                                           ;
; UFM blocks                         ; 0                                           ;
; ADC blocks                         ; 0                                           ;
+------------------------------------+---------------------------------------------+


+------------------------------------------------------------------------------------------------------------+
; Analysis & Synthesis Settings                                                                              ;
+------------------------------------------------------------------+--------------------+--------------------+
; Option                                                           ; Setting            ; Default Value      ;
+------------------------------------------------------------------+--------------------+--------------------+
; Device                                                           ; 10M50DAF484C7G     ;                    ;
; Top-level entity name                                            ; blackjack_top      ; DATAPATH           ;
; Family name                                                      ; MAX 10             ; Cyclone V          ;
; Use smart compilation                                            ; Off                ; Off                ;
; Enable parallel Assembler and Timing Analyzer during compilation ; On                 ; On                 ;
; Enable compact report table                                      ; Off                ; Off                ;
; Restructure Multiplexers                                         ; Auto               ; Auto               ;
; Create Debugging Nodes for IP Cores                              ; Off                ; Off                ;
; Preserve fewer node names                                        ; On                 ; On                 ;
; Intel FPGA IP Evaluation Mode                                    ; Enable             ; Enable             ;
; Verilog Version                                                  ; Verilog_2001       ; Verilog_2001       ;
; VHDL Version                                                     ; VHDL_1993          ; VHDL_1993          ;
; State Machine Processing                                         ; Auto               ; Auto               ;
; Safe State Machine                                               ; Off                ; Off                ;
; Extract Verilog State Machines                                   ; On                 ; On                 ;
; Extract VHDL State Machines                                      ; On                 ; On                 ;
; Ignore Verilog initial constructs                                ; Off                ; Off                ;
; Iteration limit for constant Verilog loops                       ; 5000               ; 5000               ;
; Iteration limit for non-constant Verilog loops                   ; 250                ; 250                ;
; Add Pass-Through Logic to Inferred RAMs                          ; On                 ; On                 ;
; Infer RAMs from Raw Logic                                        ; On                 ; On                 ;
; Parallel Synthesis                                               ; On                 ; On                 ;
; DSP Block Balancing                                              ; Auto               ; Auto               ;
; NOT Gate Push-Back                                               ; On                 ; On                 ;
; Power-Up Don't Care                                              ; On                 ; On                 ;
; Remove Redundant Logic Cells                                     ; Off                ; Off                ;
; Remove Duplicate Registers                                       ; On                 ; On                 ;
; Ignore CARRY Buffers                                             ; Off                ; Off                ;
; Ignore CASCADE Buffers                                           ; Off                ; Off                ;
; Ignore GLOBAL Buffers                                            ; Off                ; Off                ;
; Ignore ROW GLOBAL Buffers                                        ; Off                ; Off                ;
; Ignore LCELL Buffers                                             ; Off                ; Off                ;
; Ignore SOFT Buffers                                              ; On                 ; On                 ;
; Limit AHDL Integers to 32 Bits                                   ; Off                ; Off                ;
; Optimization Technique                                           ; Balanced           ; Balanced           ;
; Carry Chain Length                                               ; 70                 ; 70                 ;
; Auto Carry Chains                                                ; On                 ; On                 ;
; Auto Open-Drain Pins                                             ; On                 ; On                 ;
; Perform WYSIWYG Primitive Resynthesis                            ; Off                ; Off                ;
; Auto ROM Replacement                                             ; On                 ; On                 ;
; Auto RAM Replacement                                             ; On                 ; On                 ;
; Auto DSP Block Replacement                                       ; On                 ; On                 ;
; Auto Shift Register Replacement                                  ; Auto               ; Auto               ;
; Allow Shift Register Merging across Hierarchies                  ; Auto               ; Auto               ;
; Auto Clock Enable Replacement                                    ; On                 ; On                 ;
; Strict RAM Replacement                                           ; Off                ; Off                ;
; Allow Synchronous Control Signals                                ; On                 ; On                 ;
; Force Use of Synchronous Clear Signals                           ; Off                ; Off                ;
; Auto RAM Block Balancing                                         ; On                 ; On                 ;
; Auto RAM to Logic Cell Conversion                                ; Off                ; Off                ;
; Auto Resource Sharing                                            ; Off                ; Off                ;
; Allow Any RAM Size For Recognition                               ; Off                ; Off                ;
; Allow Any ROM Size For Recognition                               ; Off                ; Off                ;
; Allow Any Shift Register Size For Recognition                    ; Off                ; Off                ;
; Use LogicLock Constraints during Resource Balancing              ; On                 ; On                 ;
; Ignore translate_off and synthesis_off directives                ; Off                ; Off                ;
; Timing-Driven Synthesis                                          ; On                 ; On                 ;
; Report Parameter Settings                                        ; On                 ; On                 ;
; Report Source Assignments                                        ; On                 ; On                 ;
; Report Connectivity Checks                                       ; On                 ; On                 ;
; Ignore Maximum Fan-Out Assignments                               ; Off                ; Off                ;
; Synchronization Register Chain Length                            ; 2                  ; 2                  ;
; Power Optimization During Synthesis                              ; Normal compilation ; Normal compilation ;
; HDL message level                                                ; Level2             ; Level2             ;
; Suppress Register Optimization Related Messages                  ; Off                ; Off                ;
; Number of Removed Registers Reported in Synthesis Report         ; 5000               ; 5000               ;
; Number of Swept Nodes Reported in Synthesis Report               ; 5000               ; 5000               ;
; Number of Inverted Registers Reported in Synthesis Report        ; 100                ; 100                ;
; Clock MUX Protection                                             ; On                 ; On                 ;
; Auto Gated Clock Conversion                                      ; Off                ; Off                ;
; Block Design Naming                                              ; Auto               ; Auto               ;
; SDC constraint protection                                        ; Off                ; Off                ;
; Synthesis Effort                                                 ; Auto               ; Auto               ;
; Shift Register Replacement - Allow Asynchronous Clear Signal     ; On                 ; On                 ;
; Pre-Mapping Resynthesis Optimization                             ; Off                ; Off                ;
; Analysis & Synthesis Message Level                               ; Medium             ; Medium             ;
; Disable Register Merging Across Hierarchies                      ; Auto               ; Auto               ;
; Resource Aware Inference For Block RAM                           ; On                 ; On                 ;
+------------------------------------------------------------------+--------------------+--------------------+


+------------------------------------------+
; Parallel Compilation                     ;
+----------------------------+-------------+
; Processors                 ; Number      ;
+----------------------------+-------------+
; Number detected on machine ; 4           ;
; Maximum allowed            ; 2           ;
;                            ;             ;
; Average used               ; 1.00        ;
; Maximum used               ; 2           ;
;                            ;             ;
; Usage by Processor         ; % Time Used ;
;     Processor 1            ; 100.0%      ;
;     Processor 2            ;   0.0%      ;
+----------------------------+-------------+


+--------------------------------------------------------------------------------------------------------------------------------------------------------+
; Analysis & Synthesis Source Files Read                                                                                                                 ;
+----------------------------------+-----------------+------------------------+----------------------------------------------------------------+---------+
; File Name with User-Entered Path ; Used in Netlist ; File Type              ; File Name with Absolute Path                                   ; Library ;
+----------------------------------+-----------------+------------------------+----------------------------------------------------------------+---------+
; Contador_baralho.v               ; yes             ; User Verilog HDL File  ; C:/ProjetosQuartus/blackjack_completo/Contador_baralho.v       ;         ;
; blackjack_top.v                  ; yes             ; User Verilog HDL File  ; C:/ProjetosQuartus/blackjack_completo/blackjack_top.v          ;         ;
; Controle.v                       ; yes             ; User Verilog HDL File  ; C:/ProjetosQuartus/blackjack_completo/Controle.v               ;         ;
; CardDeck.v                       ; yes             ; User Verilog HDL File  ; C:/ProjetosQuartus/blackjack_completo/CardDeck.v               ;         ;
; registrador_mao.v                ; yes             ; User Verilog HDL File  ; C:/ProjetosQuartus/blackjack_completo/registrador_mao.v        ;         ;
; detector_estouro.v               ; yes             ; User Verilog HDL File  ; C:/ProjetosQuartus/blackjack_completo/detector_estouro.v       ;         ;
; decodificador_carta.v            ; yes             ; User Verilog HDL File  ; C:/ProjetosQuartus/blackjack_completo/decodificador_carta.v    ;         ;
; decodificador_7seg.v             ; yes             ; User Verilog HDL File  ; C:/ProjetosQuartus/blackjack_completo/decodificador_7seg.v     ;         ;
; DATAPATH.v                       ; yes             ; User Verilog HDL File  ; C:/ProjetosQuartus/blackjack_completo/DATAPATH.v               ;         ;
; controlador_display.v            ; yes             ; User Verilog HDL File  ; C:/ProjetosQuartus/blackjack_completo/controlador_display.v    ;         ;
; controlador_as_jogador.v         ; yes             ; User Verilog HDL File  ; C:/ProjetosQuartus/blackjack_completo/controlador_as_jogador.v ;         ;
; controlador_as_banca.v           ; yes             ; User Verilog HDL File  ; C:/ProjetosQuartus/blackjack_completo/controlador_as_banca.v   ;         ;
; comparador_resultado.v           ; yes             ; User Verilog HDL File  ; C:/ProjetosQuartus/blackjack_completo/comparador_resultado.v   ;         ;
; debouncer.v                      ; yes             ; User Verilog HDL File  ; C:/ProjetosQuartus/blackjack_completo/debouncer.v              ;         ;
; BlackJack_StateMachine.v         ; yes             ; User Verilog HDL File  ; C:/ProjetosQuartus/blackjack_completo/BlackJack_StateMachine.v ;         ;
+----------------------------------+-----------------+------------------------+----------------------------------------------------------------+---------+


+-------------------------------------------------------------------+
; Analysis & Synthesis Resource Usage Summary                       ;
+---------------------------------------------+---------------------+
; Resource                                    ; Usage               ;
+---------------------------------------------+---------------------+
; Estimated Total logic elements              ; 256                 ;
;                                             ;                     ;
; Total combinational functions               ; 254                 ;
; Logic element usage by number of LUT inputs ;                     ;
;     -- 4 input functions                    ; 99                  ;
;     -- 3 input functions                    ; 53                  ;
;     -- <=2 input functions                  ; 102                 ;
;                                             ;                     ;
; Logic elements by mode                      ;                     ;
;     -- normal mode                          ; 169                 ;
;     -- arithmetic mode                      ; 85                  ;
;                                             ;                     ;
; Total registers                             ; 87                  ;
;     -- Dedicated logic registers            ; 87                  ;
;     -- I/O registers                        ; 0                   ;
;                                             ;                     ;
; I/O pins                                    ; 51                  ;
;                                             ;                     ;
; Embedded Multiplier 9-bit elements          ; 0                   ;
;                                             ;                     ;
; Maximum fan-out node                        ; MAX10_CLK1_50~input ;
; Maximum fan-out                             ; 87                  ;
; Total fan-out                               ; 1103                ;
; Average fan-out                             ; 2.49                ;
+---------------------------------------------+---------------------+


+------------------------------------------------------------------------------------------------------------------------------------------------------------------------------------------------------------------------------------------------------------------------------------------------------------------------+
; Analysis & Synthesis Resource Utilization by Entity                                                                                                                                                                                                                                                                    ;
+----------------------------------------+---------------------+---------------------------+-------------+------------+--------------+---------+-----------+------+--------------+------------+----------------------------------------------------------------------------------+------------------------+--------------+
; Compilation Hierarchy Node             ; Combinational ALUTs ; Dedicated Logic Registers ; Memory Bits ; UFM Blocks ; DSP Elements ; DSP 9x9 ; DSP 18x18 ; Pins ; Virtual Pins ; ADC blocks ; Full Hierarchy Name                                                              ; Entity Name            ; Library Name ;
+----------------------------------------+---------------------+---------------------------+-------------+------------+--------------+---------+-----------+------+--------------+------------+----------------------------------------------------------------------------------+------------------------+--------------+
; |blackjack_top                         ; 254 (1)             ; 87 (0)                    ; 0           ; 0          ; 0            ; 0       ; 0         ; 51   ; 0            ; 0          ; |blackjack_top                                                                   ; blackjack_top          ; work         ;
;    |BlackJack_StateMachine:bj|         ; 87 (1)              ; 25 (0)                    ; 0           ; 0          ; 0            ; 0       ; 0         ; 0    ; 0            ; 0          ; |blackjack_top|BlackJack_StateMachine:bj                                         ; BlackJack_StateMachine ; work         ;
;       |CONTROLE:ctrl|                  ; 34 (34)             ; 13 (13)                   ; 0           ; 0          ; 0            ; 0       ; 0         ; 0    ; 0            ; 0          ; |blackjack_top|BlackJack_StateMachine:bj|CONTROLE:ctrl                           ; CONTROLE               ; work         ;
;       |DATAPATH:dp|                    ; 52 (1)              ; 12 (0)                    ; 0           ; 0          ; 0            ; 0       ; 0         ; 0    ; 0            ; 0          ; |blackjack_top|BlackJack_StateMachine:bj|DATAPATH:dp                             ; DATAPATH               ; work         ;
;          |comparador_resultado:comp|   ; 13 (13)             ; 0 (0)                     ; 0           ; 0          ; 0            ; 0       ; 0         ; 0    ; 0            ; 0          ; |blackjack_top|BlackJack_StateMachine:bj|DATAPATH:dp|comparador_resultado:comp   ; comparador_resultado   ; work         ;
;          |controlador_as_banca:as_d|   ; 12 (12)             ; 0 (0)                     ; 0           ; 0          ; 0            ; 0       ; 0         ; 0    ; 0            ; 0          ; |blackjack_top|BlackJack_StateMachine:bj|DATAPATH:dp|controlador_as_banca:as_d   ; controlador_as_banca   ; work         ;
;          |controlador_as_jogador:as_p| ; 12 (12)             ; 0 (0)                     ; 0           ; 0          ; 0            ; 0       ; 0         ; 0    ; 0            ; 0          ; |blackjack_top|BlackJack_StateMachine:bj|DATAPATH:dp|controlador_as_jogador:as_p ; controlador_as_jogador ; work         ;
;          |registrador_mao:reg_d|       ; 7 (7)               ; 6 (6)                     ; 0           ; 0          ; 0            ; 0       ; 0         ; 0    ; 0            ; 0          ; |blackjack_top|BlackJack_StateMachine:bj|DATAPATH:dp|registrador_mao:reg_d       ; registrador_mao        ; work         ;
;          |registrador_mao:reg_p|       ; 7 (7)               ; 6 (6)                     ; 0           ; 0          ; 0            ; 0       ; 0         ; 0    ; 0            ; 0          ; |blackjack_top|BlackJack_StateMachine:bj|DATAPATH:dp|registrador_mao:reg_p       ; registrador_mao        ; work         ;
;    |contador_baralho:croupier|         ; 57 (57)             ; 16 (16)                   ; 0           ; 0          ; 0            ; 0       ; 0         ; 0    ; 0            ; 0          ; |blackjack_top|contador_baralho:croupier                                         ; contador_baralho       ; work         ;
;    |controlador_display:disp_d|        ; 27 (20)             ; 0 (0)                     ; 0           ; 0          ; 0            ; 0       ; 0         ; 0    ; 0            ; 0          ; |blackjack_top|controlador_display:disp_d                                        ; controlador_display    ; work         ;
;       |decodificador_7seg:u_unidades|  ; 7 (7)               ; 0 (0)                     ; 0           ; 0          ; 0            ; 0       ; 0         ; 0    ; 0            ; 0          ; |blackjack_top|controlador_display:disp_d|decodificador_7seg:u_unidades          ; decodificador_7seg     ; work         ;
;    |controlador_display:disp_p|        ; 18 (11)             ; 0 (0)                     ; 0           ; 0          ; 0            ; 0       ; 0         ; 0    ; 0            ; 0          ; |blackjack_top|controlador_display:disp_p                                        ; controlador_display    ; work         ;
;       |decodificador_7seg:u_unidades|  ; 7 (7)               ; 0 (0)                     ; 0           ; 0          ; 0            ; 0       ; 0         ; 0    ; 0            ; 0          ; |blackjack_top|controlador_display:disp_p|decodificador_7seg:u_unidades          ; decodificador_7seg     ; work         ;
;    |debouncer:db_hit|                  ; 30 (30)             ; 23 (23)                   ; 0           ; 0          ; 0            ; 0       ; 0         ; 0    ; 0            ; 0          ; |blackjack_top|debouncer:db_hit                                                  ; debouncer              ; work         ;
;    |debouncer:db_rst|                  ; 30 (30)             ; 23 (23)                   ; 0           ; 0          ; 0            ; 0       ; 0         ; 0    ; 0            ; 0          ; |blackjack_top|debouncer:db_rst                                                  ; debouncer              ; work         ;
;    |decodificador_carta:dec_c|         ; 4 (4)               ; 0 (0)                     ; 0           ; 0          ; 0            ; 0       ; 0         ; 0    ; 0            ; 0          ; |blackjack_top|decodificador_carta:dec_c                                         ; decodificador_carta    ; work         ;
+----------------------------------------+---------------------+---------------------------+-------------+------------+--------------+---------+-----------+------+--------------+------------+----------------------------------------------------------------------------------+------------------------+--------------+
Note: For table entries with two numbers listed, the numbers in parentheses indicate the number of resources of the given type used by the specific entity alone. The numbers listed outside of parentheses indicate the total resources of the given type used by the specific entity and all of its sub-entities in the hierarchy.


Encoding Type:  One-Hot
+-----------------------------------------------------------------------------------------------------------------------------------------------------------------------------------------------------------------------------------------------------------------------------------------------------------------------------------------------------------------------------+
; State Machine - |blackjack_top|BlackJack_StateMachine:bj|CONTROLE:ctrl|current_state                                                                                                                                                                                                                                                                                        ;
+----------------------------+----------------------+-----------------------+----------------------+----------------------------+------------------------+--------------------------+---------------------------+--------------------------+--------------------------+--------------------------+--------------------------+--------------------------+----------------------+
; Name                       ; current_state.ST_TIE ; current_state.ST_LOSE ; current_state.ST_WIN ; current_state.ST_RESULTADO ; current_state.ST_ADD_D ; current_state.ST_TURNO_D ; current_state.ST_WAIT_BTN ; current_state.ST_TURNO_P ; current_state.ST_DIST_D2 ; current_state.ST_DIST_P2 ; current_state.ST_DIST_D1 ; current_state.ST_DIST_P1 ; current_state.INICIO ;
+----------------------------+----------------------+-----------------------+----------------------+----------------------------+------------------------+--------------------------+---------------------------+--------------------------+--------------------------+--------------------------+--------------------------+--------------------------+----------------------+
; current_state.INICIO       ; 0                    ; 0                     ; 0                    ; 0                          ; 0                      ; 0                        ; 0                         ; 0                        ; 0                        ; 0                        ; 0                        ; 0                        ; 0                    ;
; current_state.ST_DIST_P1   ; 0                    ; 0                     ; 0                    ; 0                          ; 0                      ; 0                        ; 0                         ; 0                        ; 0                        ; 0                        ; 0                        ; 1                        ; 1                    ;
; current_state.ST_DIST_D1   ; 0                    ; 0                     ; 0                    ; 0                          ; 0                      ; 0                        ; 0                         ; 0                        ; 0                        ; 0                        ; 1                        ; 0                        ; 1                    ;
; current_state.ST_DIST_P2   ; 0                    ; 0                     ; 0                    ; 0                          ; 0                      ; 0                        ; 0                         ; 0                        ; 0                        ; 1                        ; 0                        ; 0                        ; 1                    ;
; current_state.ST_DIST_D2   ; 0                    ; 0                     ; 0                    ; 0                          ; 0                      ; 0                        ; 0                         ; 0                        ; 1                        ; 0                        ; 0                        ; 0                        ; 1                    ;
; current_state.ST_TURNO_P   ; 0                    ; 0                     ; 0                    ; 0                          ; 0                      ; 0                        ; 0                         ; 1                        ; 0                        ; 0                        ; 0                        ; 0                        ; 1                    ;
; current_state.ST_WAIT_BTN  ; 0                    ; 0                     ; 0                    ; 0                          ; 0                      ; 0                        ; 1                         ; 0                        ; 0                        ; 0                        ; 0                        ; 0                        ; 1                    ;
; current_state.ST_TURNO_D   ; 0                    ; 0                     ; 0                    ; 0                          ; 0                      ; 1                        ; 0                         ; 0                        ; 0                        ; 0                        ; 0                        ; 0                        ; 1                    ;
; current_state.ST_ADD_D     ; 0                    ; 0                     ; 0                    ; 0                          ; 1                      ; 0                        ; 0                         ; 0                        ; 0                        ; 0                        ; 0                        ; 0                        ; 1                    ;
; current_state.ST_RESULTADO ; 0                    ; 0                     ; 0                    ; 1                          ; 0                      ; 0                        ; 0                         ; 0                        ; 0                        ; 0                        ; 0                        ; 0                        ; 1                    ;
; current_state.ST_WIN       ; 0                    ; 0                     ; 1                    ; 0                          ; 0                      ; 0                        ; 0                         ; 0                        ; 0                        ; 0                        ; 0                        ; 0                        ; 1                    ;
; current_state.ST_LOSE      ; 0                    ; 1                     ; 0                    ; 0                          ; 0                      ; 0                        ; 0                         ; 0                        ; 0                        ; 0                        ; 0                        ; 0                        ; 1                    ;
; current_state.ST_TIE       ; 1                    ; 0                     ; 0                    ; 0                          ; 0                      ; 0                        ; 0                         ; 0                        ; 0                        ; 0                        ; 0                        ; 0                        ; 1                    ;
+----------------------------+----------------------+-----------------------+----------------------+----------------------------+------------------------+--------------------------+---------------------------+--------------------------+--------------------------+--------------------------+--------------------------+--------------------------+----------------------+


+------------------------------------------------------------------------------+
; Registers Removed During Synthesis                                           ;
+---------------------------------------------------------+--------------------+
; Register name                                           ; Reason for Removal ;
+---------------------------------------------------------+--------------------+
; contador_baralho:croupier|endereco[0,1]                 ; Lost fanout        ;
; BlackJack_StateMachine:bj|CONTROLE:ctrl|current_state~2 ; Lost fanout        ;
; BlackJack_StateMachine:bj|CONTROLE:ctrl|current_state~3 ; Lost fanout        ;
; BlackJack_StateMachine:bj|CONTROLE:ctrl|current_state~4 ; Lost fanout        ;
; BlackJack_StateMachine:bj|CONTROLE:ctrl|current_state~5 ; Lost fanout        ;
; Total Number of Removed Registers = 6                   ;                    ;
+---------------------------------------------------------+--------------------+


+------------------------------------------------------+
; General Register Statistics                          ;
+----------------------------------------------+-------+
; Statistic                                    ; Value ;
+----------------------------------------------+-------+
; Total registers                              ; 87    ;
; Number of registers using Synchronous Clear  ; 62    ;
; Number of registers using Synchronous Load   ; 9     ;
; Number of registers using Asynchronous Clear ; 0     ;
; Number of registers using Asynchronous Load  ; 0     ;
; Number of registers using Clock Enable       ; 21    ;
; Number of registers using Preset             ; 0     ;
+----------------------------------------------+-------+


+--------------------------------------------------+
; Inverted Register Statistics                     ;
+----------------------------------------+---------+
; Inverted Register                      ; Fan out ;
+----------------------------------------+---------+
; contador_baralho:croupier|lfsr[0]      ; 12      ;
; contador_baralho:croupier|cnt_seed[0]  ; 6       ;
; Total number of inverted registers = 2 ;         ;
+----------------------------------------+---------+


+-----------------------------------------------------------------------------------------------------------------------------------------------------------------------------------------------------+
; Multiplexer Restructuring Statistics (Restructuring Performed)                                                                                                                                      ;
+--------------------+-----------+---------------+----------------------+------------------------+------------+---------------------------------------------------------------------------------------+
; Multiplexer Inputs ; Bus Width ; Baseline Area ; Area if Restructured ; Saving if Restructured ; Registered ; Example Multiplexer Output                                                            ;
+--------------------+-----------+---------------+----------------------+------------------------+------------+---------------------------------------------------------------------------------------+
; 3:1                ; 6 bits    ; 12 LEs        ; 6 LEs                ; 6 LEs                  ; Yes        ; |blackjack_top|BlackJack_StateMachine:bj|DATAPATH:dp|registrador_mao:reg_d|total[0]   ;
; 3:1                ; 6 bits    ; 12 LEs        ; 6 LEs                ; 6 LEs                  ; Yes        ; |blackjack_top|BlackJack_StateMachine:bj|DATAPATH:dp|registrador_mao:reg_p|total[0]   ;
; 3:1                ; 5 bits    ; 10 LEs        ; 5 LEs                ; 5 LEs                  ; Yes        ; |blackjack_top|contador_baralho:croupier|lfsr[1]                                      ;
; 3:1                ; 20 bits   ; 40 LEs        ; 20 LEs               ; 20 LEs                 ; Yes        ; |blackjack_top|debouncer:db_hit|counter[16]                                           ;
; 3:1                ; 20 bits   ; 40 LEs        ; 20 LEs               ; 20 LEs                 ; Yes        ; |blackjack_top|debouncer:db_rst|counter[12]                                           ;
; 4:1                ; 4 bits    ; 8 LEs         ; 8 LEs                ; 0 LEs                  ; Yes        ; |blackjack_top|contador_baralho:croupier|endereco[2]                                  ;
; 4:1                ; 2 bits    ; 4 LEs         ; 4 LEs                ; 0 LEs                  ; No         ; |blackjack_top|BlackJack_StateMachine:bj|DATAPATH:dp|comparador_resultado:comp|empate ;
; 5:1                ; 6 bits    ; 18 LEs        ; 18 LEs               ; 0 LEs                  ; No         ; |blackjack_top|contador_baralho:croupier|prox_lfsr[5]                                 ;
; 13:1               ; 5 bits    ; 40 LEs        ; 30 LEs               ; 10 LEs                 ; No         ; |blackjack_top|BlackJack_StateMachine:bj|CONTROLE:ctrl|current_state                  ;
; 14:1               ; 2 bits    ; 18 LEs        ; 6 LEs                ; 12 LEs                 ; No         ; |blackjack_top|BlackJack_StateMachine:bj|CONTROLE:ctrl|current_state                  ;
+--------------------+-----------+---------------+----------------------+------------------------+------------+---------------------------------------------------------------------------------------+


+----------------------------------------------------------------------------------------------------------+
; Parameter Settings for User Entity Instance: BlackJack_StateMachine:bj|DATAPATH:dp|registrador_mao:reg_p ;
+----------------+-------+---------------------------------------------------------------------------------+
; Parameter Name ; Value ; Type                                                                            ;
+----------------+-------+---------------------------------------------------------------------------------+
; LARGURA        ; 6     ; Signed Integer                                                                  ;
+----------------+-------+---------------------------------------------------------------------------------+
Note: In order to hide this table in the UI and the text report file, please set the "Show Parameter Settings in Synthesis Report" option in "Analysis and Synthesis Settings -> More Settings" to "Off".


+----------------------------------------------------------------------------------------------------------+
; Parameter Settings for User Entity Instance: BlackJack_StateMachine:bj|DATAPATH:dp|registrador_mao:reg_d ;
+----------------+-------+---------------------------------------------------------------------------------+
; Parameter Name ; Value ; Type                                                                            ;
+----------------+-------+---------------------------------------------------------------------------------+
; LARGURA        ; 6     ; Signed Integer                                                                  ;
+----------------+-------+---------------------------------------------------------------------------------+
Note: In order to hide this table in the UI and the text report file, please set the "Show Parameter Settings in Synthesis Report" option in "Analysis and Synthesis Settings -> More Settings" to "Off".


+-------------------------------------------------------------------------------------+
; Port Connectivity Checks: "controlador_display:disp_p|decodificador_7seg:u_dezenas" ;
+--------------+-------+----------+---------------------------------------------------+
; Port         ; Type  ; Severity ; Details                                           ;
+--------------+-------+----------+---------------------------------------------------+
; digito[3..2] ; Input ; Info     ; Stuck at GND                                      ;
+--------------+-------+----------+---------------------------------------------------+


+--------------------------------------------------------+
; Port Connectivity Checks: "controlador_display:disp_p" ;
+--------+-------+----------+----------------------------+
; Port   ; Type  ; Severity ; Details                    ;
+--------+-------+----------+----------------------------+
; exibir ; Input ; Info     ; Stuck at VCC               ;
+--------+-------+----------+----------------------------+


+-------------------------------------------------------------------+
; Port Connectivity Checks: "BlackJack_StateMachine:bj|DATAPATH:dp" ;
+-----------------+--------+----------+-----------------------------+
; Port            ; Type   ; Severity ; Details                     ;
+-----------------+--------+----------+-----------------------------+
; estouro_jogador ; Output ; Info     ; Explicitly unconnected      ;
; estouro_banca   ; Output ; Info     ; Explicitly unconnected      ;
+-----------------+--------+----------+-----------------------------+


+-------------------------------------------------------+
; Port Connectivity Checks: "decodificador_carta:dec_c" ;
+-------+--------+----------+---------------------------+
; Port  ; Type   ; Severity ; Details                   ;
+-------+--------+----------+---------------------------+
; eh_as ; Output ; Info     ; Explicitly unconnected    ;
+-------+--------+----------+---------------------------+


+-----------------------------------------------------+
; Post-Synthesis Netlist Statistics for Top Partition ;
+-----------------------+-----------------------------+
; Type                  ; Count                       ;
+-----------------------+-----------------------------+
; boundary_port         ; 51                          ;
; cycloneiii_ff         ; 87                          ;
;     ENA SCLR          ; 12                          ;
;     ENA SCLR SLD      ; 4                           ;
;     ENA SLD           ; 5                           ;
;     SCLR              ; 46                          ;
;     plain             ; 20                          ;
; cycloneiii_lcell_comb ; 269                         ;
;     arith             ; 85                          ;
;         2 data inputs ; 67                          ;
;         3 data inputs ; 18                          ;
;     normal            ; 184                         ;
;         0 data inputs ; 3                           ;
;         1 data inputs ; 23                          ;
;         2 data inputs ; 24                          ;
;         3 data inputs ; 35                          ;
;         4 data inputs ; 99                          ;
;                       ;                             ;
; Max LUT depth         ; 6.40                        ;
; Average LUT depth     ; 3.95                        ;
+-----------------------+-----------------------------+


+-------------------------------+
; Elapsed Time Per Partition    ;
+----------------+--------------+
; Partition Name ; Elapsed Time ;
+----------------+--------------+
; Top            ; 00:00:01     ;
+----------------+--------------+


+-------------------------------+
; Analysis & Synthesis Messages ;
+-------------------------------+
Info: *******************************************************************
Info: Running Quartus Prime Analysis & Synthesis
    Info: Version 18.0.0 Build 614 04/24/2018 SJ Lite Edition
    Info: Processing started: Fri May 08 17:54:47 2026
Info: Command: quartus_map --read_settings_files=on --write_settings_files=off blackjack -c DATAPATH
Warning (18236): Number of processors has not been specified which may cause overloading on shared machines.  Set the global assignment NUM_PARALLEL_PROCESSORS in your QSF to an appropriate value for best performance.
Info (20030): Parallel compilation is enabled and will use 2 of the 2 processors detected
Info (12021): Found 1 design units, including 1 entities, in source file contador_baralho.v
    Info (12023): Found entity 1: contador_baralho File: C:/ProjetosQuartus/blackjack_completo/Contador_baralho.v Line: 25
Info (12021): Found 1 design units, including 1 entities, in source file blackjack_top.v
    Info (12023): Found entity 1: blackjack_top File: C:/ProjetosQuartus/blackjack_completo/blackjack_top.v Line: 28
Info (12021): Found 1 design units, including 1 entities, in source file controle.v
    Info (12023): Found entity 1: CONTROLE File: C:/ProjetosQuartus/blackjack_completo/Controle.v Line: 17
Info (12021): Found 1 design units, including 1 entities, in source file carddeck.v
    Info (12023): Found entity 1: CardDeck File: C:/ProjetosQuartus/blackjack_completo/CardDeck.v Line: 18
Info (12021): Found 1 design units, including 1 entities, in source file registrador_mao.v
    Info (12023): Found entity 1: registrador_mao File: C:/ProjetosQuartus/blackjack_completo/registrador_mao.v Line: 31
Info (12021): Found 1 design units, including 1 entities, in source file detector_estouro.v
    Info (12023): Found entity 1: detector_estouro File: C:/ProjetosQuartus/blackjack_completo/detector_estouro.v Line: 20
Info (12021): Found 1 design units, including 1 entities, in source file decodificador_carta.v
    Info (12023): Found entity 1: decodificador_carta File: C:/ProjetosQuartus/blackjack_completo/decodificador_carta.v Line: 27
Info (12021): Found 1 design units, including 1 entities, in source file decodificador_7seg.v
    Info (12023): Found entity 1: decodificador_7seg File: C:/ProjetosQuartus/blackjack_completo/decodificador_7seg.v Line: 35
Info (12021): Found 1 design units, including 1 entities, in source file datapath.v
    Info (12023): Found entity 1: DATAPATH File: C:/ProjetosQuartus/blackjack_completo/DATAPATH.v Line: 12
Info (12021): Found 1 design units, including 1 entities, in source file controlador_display.v
    Info (12023): Found entity 1: controlador_display File: C:/ProjetosQuartus/blackjack_completo/controlador_display.v Line: 31
Info (12021): Found 1 design units, including 1 entities, in source file controlador_as_jogador.v
    Info (12023): Found entity 1: controlador_as_jogador File: C:/ProjetosQuartus/blackjack_completo/controlador_as_jogador.v Line: 12
Info (12021): Found 1 design units, including 1 entities, in source file controlador_as_banca.v
    Info (12023): Found entity 1: controlador_as_banca File: C:/ProjetosQuartus/blackjack_completo/controlador_as_banca.v Line: 35
Info (12021): Found 1 design units, including 1 entities, in source file comparador_resultado.v
    Info (12023): Found entity 1: comparador_resultado File: C:/ProjetosQuartus/blackjack_completo/comparador_resultado.v Line: 36
Info (12021): Found 1 design units, including 1 entities, in source file blackjack_tb.v
    Info (12023): Found entity 1: blackjack_tb File: C:/ProjetosQuartus/blackjack_completo/blackjack_tb.v Line: 45
Info (12021): Found 1 design units, including 1 entities, in source file debouncer.v
    Info (12023): Found entity 1: debouncer File: C:/ProjetosQuartus/blackjack_completo/debouncer.v Line: 13
Info (12021): Found 1 design units, including 1 entities, in source file blackjack_statemachine.v
    Info (12023): Found entity 1: BlackJack_StateMachine File: C:/ProjetosQuartus/blackjack_completo/BlackJack_StateMachine.v Line: 19
Info (12127): Elaborating entity "blackjack_top" for the top level hierarchy
Info (12128): Elaborating entity "debouncer" for hierarchy "debouncer:db_rst" File: C:/ProjetosQuartus/blackjack_completo/blackjack_top.v Line: 50
Info (12128): Elaborating entity "contador_baralho" for hierarchy "contador_baralho:croupier" File: C:/ProjetosQuartus/blackjack_completo/blackjack_top.v Line: 73
Info (12128): Elaborating entity "CardDeck" for hierarchy "CardDeck:deck" File: C:/ProjetosQuartus/blackjack_completo/blackjack_top.v Line: 79
Warning (10030): Net "memoria.data_a" at CardDeck.v(24) has no driver or initial value, using a default initial value '0' File: C:/ProjetosQuartus/blackjack_completo/CardDeck.v Line: 24
Warning (10030): Net "memoria.waddr_a" at CardDeck.v(24) has no driver or initial value, using a default initial value '0' File: C:/ProjetosQuartus/blackjack_completo/CardDeck.v Line: 24
Warning (10030): Net "memoria.we_a" at CardDeck.v(24) has no driver or initial value, using a default initial value '0' File: C:/ProjetosQuartus/blackjack_completo/CardDeck.v Line: 24
Info (12128): Elaborating entity "decodificador_carta" for hierarchy "decodificador_carta:dec_c" File: C:/ProjetosQuartus/blackjack_completo/blackjack_top.v Line: 88
Info (12128): Elaborating entity "BlackJack_StateMachine" for hierarchy "BlackJack_StateMachine:bj" File: C:/ProjetosQuartus/blackjack_completo/blackjack_top.v Line: 105
Info (12128): Elaborating entity "DATAPATH" for hierarchy "BlackJack_StateMachine:bj|DATAPATH:dp" File: C:/ProjetosQuartus/blackjack_completo/BlackJack_StateMachine.v Line: 61
Info (12128): Elaborating entity "controlador_as_jogador" for hierarchy "BlackJack_StateMachine:bj|DATAPATH:dp|controlador_as_jogador:as_p" File: C:/ProjetosQuartus/blackjack_completo/DATAPATH.v Line: 48
Info (12128): Elaborating entity "controlador_as_banca" for hierarchy "BlackJack_StateMachine:bj|DATAPATH:dp|controlador_as_banca:as_d" File: C:/ProjetosQuartus/blackjack_completo/DATAPATH.v Line: 56
Info (12128): Elaborating entity "registrador_mao" for hierarchy "BlackJack_StateMachine:bj|DATAPATH:dp|registrador_mao:reg_p" File: C:/ProjetosQuartus/blackjack_completo/DATAPATH.v Line: 65
Info (12128): Elaborating entity "detector_estouro" for hierarchy "BlackJack_StateMachine:bj|DATAPATH:dp|detector_estouro:det_p" File: C:/ProjetosQuartus/blackjack_completo/DATAPATH.v Line: 76
Info (12128): Elaborating entity "comparador_resultado" for hierarchy "BlackJack_StateMachine:bj|DATAPATH:dp|comparador_resultado:comp" File: C:/ProjetosQuartus/blackjack_completo/DATAPATH.v Line: 88
Info (12128): Elaborating entity "CONTROLE" for hierarchy "BlackJack_StateMachine:bj|CONTROLE:ctrl" File: C:/ProjetosQuartus/blackjack_completo/BlackJack_StateMachine.v Line: 81
Info (12128): Elaborating entity "controlador_display" for hierarchy "controlador_display:disp_p" File: C:/ProjetosQuartus/blackjack_completo/blackjack_top.v Line: 116
Info (12128): Elaborating entity "decodificador_7seg" for hierarchy "controlador_display:disp_p|decodificador_7seg:u_dezenas" File: C:/ProjetosQuartus/blackjack_completo/controlador_display.v Line: 55
Critical Warning (127005): Memory depth (64) in the design file differs from memory depth (52) in the Memory Initialization File "C:/ProjetosQuartus/blackjack_completo/db/DATAPATH.ram0_CardDeck_5a30a092.hdl.mif" -- setting initial value for remaining addresses to 0
Info (276014): Found 1 instances of uninferred RAM logic
    Info (276013): RAM logic "CardDeck:deck|memoria" is uninferred because MIF is not supported for the selected family File: C:/ProjetosQuartus/blackjack_completo/CardDeck.v Line: 24
Warning (13024): Output pins are stuck at VCC or GND
    Warning (13410): Pin "LEDR[3]" is stuck at GND File: C:/ProjetosQuartus/blackjack_completo/blackjack_top.v Line: 32
    Warning (13410): Pin "LEDR[4]" is stuck at GND File: C:/ProjetosQuartus/blackjack_completo/blackjack_top.v Line: 32
    Warning (13410): Pin "LEDR[5]" is stuck at GND File: C:/ProjetosQuartus/blackjack_completo/blackjack_top.v Line: 32
    Warning (13410): Pin "LEDR[6]" is stuck at GND File: C:/ProjetosQuartus/blackjack_completo/blackjack_top.v Line: 32
    Warning (13410): Pin "LEDR[7]" is stuck at GND File: C:/ProjetosQuartus/blackjack_completo/blackjack_top.v Line: 32
    Warning (13410): Pin "LEDR[8]" is stuck at GND File: C:/ProjetosQuartus/blackjack_completo/blackjack_top.v Line: 32
    Warning (13410): Pin "HEX1[1]" is stuck at GND File: C:/ProjetosQuartus/blackjack_completo/blackjack_top.v Line: 33
Info (286030): Timing-Driven Synthesis is running
Info (17049): 6 registers lost all their fanouts during netlist optimizations.
Info (16010): Generating hard_block partition "hard_block:auto_generated_inst"
    Info (16011): Adding 0 node(s), including 0 DDIO, 0 PLL, 0 transceiver and 0 LCELL
Warning (21074): Design contains 9 input pin(s) that do not drive logic
    Warning (15610): No output dependent on input pin "SW[0]" File: C:/ProjetosQuartus/blackjack_completo/blackjack_top.v Line: 31
    Warning (15610): No output dependent on input pin "SW[1]" File: C:/ProjetosQuartus/blackjack_completo/blackjack_top.v Line: 31
    Warning (15610): No output dependent on input pin "SW[2]" File: C:/ProjetosQuartus/blackjack_completo/blackjack_top.v Line: 31
    Warning (15610): No output dependent on input pin "SW[3]" File: C:/ProjetosQuartus/blackjack_completo/blackjack_top.v Line: 31
    Warning (15610): No output dependent on input pin "SW[4]" File: C:/ProjetosQuartus/blackjack_completo/blackjack_top.v Line: 31
    Warning (15610): No output dependent on input pin "SW[5]" File: C:/ProjetosQuartus/blackjack_completo/blackjack_top.v Line: 31
    Warning (15610): No output dependent on input pin "SW[6]" File: C:/ProjetosQuartus/blackjack_completo/blackjack_top.v Line: 31
    Warning (15610): No output dependent on input pin "SW[7]" File: C:/ProjetosQuartus/blackjack_completo/blackjack_top.v Line: 31
    Warning (15610): No output dependent on input pin "SW[8]" File: C:/ProjetosQuartus/blackjack_completo/blackjack_top.v Line: 31
Info (21057): Implemented 312 device resources after synthesis - the final resource count might be different
    Info (21058): Implemented 13 input pins
    Info (21059): Implemented 38 output pins
    Info (21061): Implemented 261 logic cells
Info: Quartus Prime Analysis & Synthesis was successful. 0 errors, 23 warnings
    Info: Peak virtual memory: 4759 megabytes
    Info: Processing ended: Fri May 08 17:55:03 2026
    Info: Elapsed time: 00:00:16
    Info: Total CPU time (on all processors): 00:00:34


